Archive member included to satisfy reference by file (symbol)

C:/ST/STM32CubeIDE_1.13.1/STM32CubeIDE/plugins/com.st.stm32cube.ide.mcu.externaltools.gnu-tools-for-stm32.11.3.rel1.win32_1.1.0.202305231506/tools/bin/../lib/gcc/arm-none-eabi/11.3.1/../../../../arm-none-eabi/lib/thumb/v7-m/nofp\libc_nano.a(libc_a-exit.o)
                              C:/ST/STM32CubeIDE_1.13.1/STM32CubeIDE/plugins/com.st.stm32cube.ide.mcu.externaltools.gnu-tools-for-stm32.11.3.rel1.win32_1.1.0.202305231506/tools/bin/../lib/gcc/arm-none-eabi/11.3.1/../../../../arm-none-eabi/lib/thumb/v7-m/nofp/crt0.o (exit)
C:/ST/STM32CubeIDE_1.13.1/STM32CubeIDE/plugins/com.st.stm32cube.ide.mcu.externaltools.gnu-tools-for-stm32.11.3.rel1.win32_1.1.0.202305231506/tools/bin/../lib/gcc/arm-none-eabi/11.3.1/../../../../arm-none-eabi/lib/thumb/v7-m/nofp\libc_nano.a(libc_a-malloc.o)
                              ./Core/Src/st7735.o (malloc)
C:/ST/STM32CubeIDE_1.13.1/STM32CubeIDE/plugins/com.st.stm32cube.ide.mcu.externaltools.gnu-tools-for-stm32.11.3.rel1.win32_1.1.0.202305231506/tools/bin/../lib/gcc/arm-none-eabi/11.3.1/../../../../arm-none-eabi/lib/thumb/v7-m/nofp\libc_nano.a(libc_a-mallocr.o)
                              C:/ST/STM32CubeIDE_1.13.1/STM32CubeIDE/plugins/com.st.stm32cube.ide.mcu.externaltools.gnu-tools-for-stm32.11.3.rel1.win32_1.1.0.202305231506/tools/bin/../lib/gcc/arm-none-eabi/11.3.1/../../../../arm-none-eabi/lib/thumb/v7-m/nofp\libc_nano.a(libc_a-malloc.o) (_malloc_r)
C:/ST/STM32CubeIDE_1.13.1/STM32CubeIDE/plugins/com.st.stm32cube.ide.mcu.externaltools.gnu-tools-for-stm32.11.3.rel1.win32_1.1.0.202305231506/tools/bin/../lib/gcc/arm-none-eabi/11.3.1/../../../../arm-none-eabi/lib/thumb/v7-m/nofp\libc_nano.a(libc_a-mlock.o)
                              C:/ST/STM32CubeIDE_1.13.1/STM32CubeIDE/plugins/com.st.stm32cube.ide.mcu.externaltools.gnu-tools-for-stm32.11.3.rel1.win32_1.1.0.202305231506/tools/bin/../lib/gcc/arm-none-eabi/11.3.1/../../../../arm-none-eabi/lib/thumb/v7-m/nofp\libc_nano.a(libc_a-mallocr.o) (__malloc_lock)
C:/ST/STM32CubeIDE_1.13.1/STM32CubeIDE/plugins/com.st.stm32cube.ide.mcu.externaltools.gnu-tools-for-stm32.11.3.rel1.win32_1.1.0.202305231506/tools/bin/../lib/gcc/arm-none-eabi/11.3.1/../../../../arm-none-eabi/lib/thumb/v7-m/nofp\libc_nano.a(libc_a-findfp.o)
                              C:/ST/STM32CubeIDE_1.13.1/STM32CubeIDE/plugins/com.st.stm32cube.ide.mcu.externaltools.gnu-tools-for-stm32.11.3.rel1.win32_1.1.0.202305231506/tools/bin/../lib/gcc/arm-none-eabi/11.3.1/../../../../arm-none-eabi/lib/thumb/v7-m/nofp\libc_nano.a(libc_a-exit.o) (__stdio_exit_handler)
C:/ST/STM32CubeIDE_1.13.1/STM32CubeIDE/plugins/com.st.stm32cube.ide.mcu.externaltools.gnu-tools-for-stm32.11.3.rel1.win32_1.1.0.202305231506/tools/bin/../lib/gcc/arm-none-eabi/11.3.1/../../../../arm-none-eabi/lib/thumb/v7-m/nofp\libc_nano.a(libc_a-fwalk.o)
                              C:/ST/STM32CubeIDE_1.13.1/STM32CubeIDE/plugins/com.st.stm32cube.ide.mcu.externaltools.gnu-tools-for-stm32.11.3.rel1.win32_1.1.0.202305231506/tools/bin/../lib/gcc/arm-none-eabi/11.3.1/../../../../arm-none-eabi/lib/thumb/v7-m/nofp\libc_nano.a(libc_a-findfp.o) (_fwalk_sglue)
C:/ST/STM32CubeIDE_1.13.1/STM32CubeIDE/plugins/com.st.stm32cube.ide.mcu.externaltools.gnu-tools-for-stm32.11.3.rel1.win32_1.1.0.202305231506/tools/bin/../lib/gcc/arm-none-eabi/11.3.1/../../../../arm-none-eabi/lib/thumb/v7-m/nofp\libc_nano.a(libc_a-stdio.o)
                              C:/ST/STM32CubeIDE_1.13.1/STM32CubeIDE/plugins/com.st.stm32cube.ide.mcu.externaltools.gnu-tools-for-stm32.11.3.rel1.win32_1.1.0.202305231506/tools/bin/../lib/gcc/arm-none-eabi/11.3.1/../../../../arm-none-eabi/lib/thumb/v7-m/nofp\libc_nano.a(libc_a-findfp.o) (__sread)
C:/ST/STM32CubeIDE_1.13.1/STM32CubeIDE/plugins/com.st.stm32cube.ide.mcu.externaltools.gnu-tools-for-stm32.11.3.rel1.win32_1.1.0.202305231506/tools/bin/../lib/gcc/arm-none-eabi/11.3.1/../../../../arm-none-eabi/lib/thumb/v7-m/nofp\libc_nano.a(libc_a-memset.o)
                              C:/ST/STM32CubeIDE_1.13.1/STM32CubeIDE/plugins/com.st.stm32cube.ide.mcu.externaltools.gnu-tools-for-stm32.11.3.rel1.win32_1.1.0.202305231506/tools/bin/../lib/gcc/arm-none-eabi/11.3.1/../../../../arm-none-eabi/lib/thumb/v7-m/nofp/crt0.o (memset)
C:/ST/STM32CubeIDE_1.13.1/STM32CubeIDE/plugins/com.st.stm32cube.ide.mcu.externaltools.gnu-tools-for-stm32.11.3.rel1.win32_1.1.0.202305231506/tools/bin/../lib/gcc/arm-none-eabi/11.3.1/../../../../arm-none-eabi/lib/thumb/v7-m/nofp\libc_nano.a(libc_a-closer.o)
                              C:/ST/STM32CubeIDE_1.13.1/STM32CubeIDE/plugins/com.st.stm32cube.ide.mcu.externaltools.gnu-tools-for-stm32.11.3.rel1.win32_1.1.0.202305231506/tools/bin/../lib/gcc/arm-none-eabi/11.3.1/../../../../arm-none-eabi/lib/thumb/v7-m/nofp\libc_nano.a(libc_a-stdio.o) (_close_r)
[...]
Memory Configuration

Name             Origin             Length             Attributes
RAM              0x0000000020000000 0x0000000000005000 xrw
FLASH            0x0000000008000000 0x0000000000010000 xr
*default*        0x0000000000000000 0xffffffffffffffff

Linker script and memory map

LOAD C:/ST/STM32CubeIDE_1.13.1/STM32CubeIDE/plugins/com.st.stm32cube.ide.mcu.externaltools.gnu-tools-for-stm32.11.3.rel1.win32_1.1.0.202305231506/tools/bin/../lib/gcc/arm-none-eabi/11.3.1/thumb/v7-m/nofp/crti.o
LOAD C:/ST/STM32CubeIDE_1.13.1/STM32CubeIDE/plugins/com.st.stm32cube.ide.mcu.externaltools.gnu-tools-for-stm32.11.3.rel1.win32_1.1.0.202305231506/tools/bin/../lib/gcc/arm-none-eabi/11.3.1/thumb/v7-m/nofp/crtbegin.o
LOAD C:/ST/STM32CubeIDE_1.13.1/STM32CubeIDE/plugins/com.st.stm32cube.ide.mcu.externaltools.gnu-tools-for-stm32.11.3.rel1.win32_1.1.0.202305231506/tools/bin/../lib/gcc/arm-none-eabi/11.3.1/../../../../arm-none-eabi/lib/thumb/v7-m/nofp/crt0.o
LOAD ./Core/Src/GFX_FUNCTIONS.o
LOAD ./Core/Src/fonts.o
LOAD ./Core/Src/main.o
LOAD ./Core/Src/st7735.o
LOAD ./Core/Src/stm32f1xx_hal_msp.o
LOAD ./Core/Src/stm32f1xx_it.o
LOAD ./Core/Src/syscalls.o
LOAD ./Core/Src/sysmem.o
LOAD ./Core/Src/system_stm32f1xx.o
LOAD ./Core/Startup/startup_stm32f103c8tx.o
LOAD ./Drivers/STM32F1xx_HAL_Driver/Src/stm32f1xx_hal.o
LOAD ./Drivers/STM32F1xx_HAL_Driver/Src/stm32f1xx_hal_cortex.o
LOAD ./Drivers/STM32F1xx_HAL_Driver/Src/stm32f1xx_hal_dma.o
LOAD ./Drivers/STM32F1xx_HAL_Driver/Src/stm32f1xx_hal_exti.o
LOAD ./Drivers/STM32F1xx_HAL_Driver/Src/stm32f1xx_hal_flash.o
LOAD ./Drivers/STM32F1xx_HAL_Driver/Src/stm32f1xx_hal_flash_ex.o
LOAD ./Drivers/STM32F1xx_HAL_Driver/Src/stm32f1xx_hal_gpio.o
LOAD ./Drivers/STM32F1xx_HAL_Driver/Src/stm32f1xx_hal_gpio_ex.o
LOAD ./Drivers/STM32F1xx_HAL_Driver/Src/stm32f1xx_hal_pwr.o
LOAD ./Drivers/STM32F1xx_HAL_Driver/Src/stm32f1xx_hal_rcc.o
LOAD ./Drivers/STM32F1xx_HAL_Driver/Src/stm32f1xx_hal_rcc_ex.o
LOAD ./Drivers/STM32F1xx_HAL_Driver/Src/stm32f1xx_hal_spi.o
LOAD ./Drivers/STM32F1xx_HAL_Driver/Src/stm32f1xx_hal_tim.o
LOAD ./Drivers/STM32F1xx_HAL_Driver/Src/stm32f1xx_hal_tim_ex.o
START GROUP
LOAD C:/ST/STM32CubeIDE_1.13.1/STM32CubeIDE/plugins/com.st.stm32cube.ide.mcu.externaltools.gnu-tools-for-stm32.11.3.rel1.win32_1.1.0.202305231506/tools/bin/../lib/gcc/arm-none-eabi/11.3.1/../../../../arm-none-eabi/lib/thumb/v7-m/nofp\libc_nano.a
LOAD C:/ST/STM32CubeIDE_1.13.1/STM32CubeIDE/plugins/com.st.stm32cube.ide.mcu.externaltools.gnu-tools-for-stm32.11.3.rel1.win32_1.1.0.202305231506/tools/bin/../lib/gcc/arm-none-eabi/11.3.1/../../../../arm-none-eabi/lib/thumb/v7-m/nofp\libm.a
END GROUP
START GROUP
LOAD C:/ST/STM32CubeIDE_1.13.1/STM32CubeIDE/plugins/com.st.stm32cube.ide.mcu.externaltools.gnu-tools-for-stm32.11.3.rel1.win32_1.1.0.202305231506/tools/bin/../lib/gcc/arm-none-eabi/11.3.1/thumb/v7-m/nofp\libgcc.a
LOAD C:/ST/STM32CubeIDE_1.13.1/STM32CubeIDE/plugins/com.st.stm32cube.ide.mcu.externaltools.gnu-tools-for-stm32.11.3.rel1.win32_1.1.0.202305231506/tools/bin/../lib/gcc/arm-none-eabi/11.3.1/../../../../arm-none-eabi/lib/thumb/v7-m/nofp\libc_nano.a
END GROUP
START GROUP
LOAD C:/ST/STM32CubeIDE_1.13.1/STM32CubeIDE/plugins/com.st.stm32cube.ide.mcu.externaltools.gnu-tools-for-stm32.11.3.rel1.win32_1.1.0.202305231506/tools/bin/../lib/gcc/arm-none-eabi/11.3.1/thumb/v7-m/nofp\libgcc.a
LOAD C:/ST/STM32CubeIDE_1.13.1/STM32CubeIDE/plugins/com.st.stm32cube.ide.mcu.externaltools.gnu-tools-for-stm32.11.3.rel1.win32_1.1.0.202305231506/tools/bin/../lib/gcc/arm-none-eabi/11.3.1/../../../../arm-none-eabi/lib/thumb/v7-m/nofp\libc_nano.a
LOAD C:/ST/STM32CubeIDE_1.13.1/STM32CubeIDE/plugins/com.st.stm32cube.ide.mcu.externaltools.gnu-tools-for-stm32.11.3.rel1.win32_1.1.0.202305231506/tools/bin/../lib/gcc/arm-none-eabi/11.3.1/../../../../arm-none-eabi/lib/thumb/v7-m/nofp\libnosys.a
END GROUP
START GROUP
LOAD C:/ST/STM32CubeIDE_1.13.1/STM32CubeIDE/plugins/com.st.stm32cube.ide.mcu.externaltools.gnu-tools-for-stm32.11.3.rel1.win32_1.1.0.202305231506/tools/bin/../lib/gcc/arm-none-eabi/11.3.1/thumb/v7-m/nofp\libgcc.a
LOAD C:/ST/STM32CubeIDE_1.13.1/STM32CubeIDE/plugins/com.st.stm32cube.ide.mcu.externaltools.gnu-tools-for-stm32.11.3.rel1.win32_1.1.0.202305231506/tools/bin/../lib/gcc/arm-none-eabi/11.3.1/../../../../arm-none-eabi/lib/thumb/v7-m/nofp\libc_nano.a
LOAD C:/ST/STM32CubeIDE_1.13.1/STM32CubeIDE/plugins/com.st.stm32cube.ide.mcu.externaltools.gnu-tools-for-stm32.11.3.rel1.win32_1.1.0.202305231506/tools/bin/../lib/gcc/arm-none-eabi/11.3.1/../../../../arm-none-eabi/lib/thumb/v7-m/nofp\libnosys.a
END GROUP
LOAD C:/ST/STM32CubeIDE_1.13.1/STM32CubeIDE/plugins/com.st.stm32cube.ide.mcu.externaltools.gnu-tools-for-stm32.11.3.rel1.win32_1.1.0.202305231506/tools/bin/../lib/gcc/arm-none-eabi/11.3.1/thumb/v7-m/nofp/crtend.o
LOAD C:/ST/STM32CubeIDE_1.13.1/STM32CubeIDE/plugins/com.st.stm32cube.ide.mcu.externaltools.gnu-tools-for-stm32.11.3.rel1.win32_1.1.0.202305231506/tools/bin/../lib/gcc/arm-none-eabi/11.3.1/thumb/v7-m/nofp/crtn.o
                0x0000000020005000                _estack = (ORIGIN (RAM) + LENGTH (RAM))
                0x0000000000000200                _Min_Heap_Size = 0x200
                0x0000000000000400                _Min_Stack_Size = 0x400

.isr_vector     0x0000000008000000      0x10c
                0x0000000008000000                . = ALIGN (0x4)
 *(.isr_vector)
 .isr_vector    0x0000000008000000      0x10c ./Core/Startup/startup_stm32f103c8tx.o
                0x0000000008000000                g_pfnVectors
                0x000000000800010c                . = ALIGN (0x4)

.text           0x000000000800010c     0x1f40
                0x000000000800010c                . = ALIGN (0x4)
 *(.text)
 .text          0x000000000800010c       0x40 C:/ST/STM32CubeIDE_1.13.1/STM32CubeIDE/plugins/com.st.stm32cube.ide.mcu.externaltools.gnu-tools-for-stm32.11.3.rel1.win32_1.1.0.202305231506/tools/bin/../lib/gcc/arm-none-eabi/11.3.1/thumb/v7-m/nofp/crtbegin.o
 *(.text*)
 .text.__NVIC_EnableIRQ
                0x000000000800014c       0x38 ./Core/Src/main.o
 .text.GPIO_ADC
                0x0000000008000184       0x2c ./Core/Src/main.o
                0x0000000008000184                GPIO_ADC
 .text.ADC_Init
                0x00000000080001b0       0x50 ./Core/Src/main.o
                0x00000000080001b0                ADC_Init
 .text.ADC_In   0x0000000008000200       0x20 ./Core/Src/main.o
                0x0000000008000200                ADC_In
 .text.GPIO_UARTrx
                0x0000000008000220       0x50 ./Core/Src/main.o
                0x0000000008000220                GPIO_UARTrx
 .text.UART_init
                0x0000000008000270       0x64 ./Core/Src/main.o
                0x0000000008000270                UART_init
 .text.Convert  0x00000000080002d4       0x28 ./Core/Src/main.o
                0x00000000080002d4                Convert
 .text.convert_mess
                0x00000000080002fc       0xc0 ./Core/Src/main.o
                0x00000000080002fc                convert_mess
 .text.Fifo_Put
                0x00000000080003bc       0x64 ./Core/Src/main.o
                0x00000000080003bc                Fifo_Put
 .text.Fifo_Get
                0x0000000008000420       0x60 ./Core/Src/main.o
                0x0000000008000420                Fifo_Get
 .text.Fifo_emty
                0x0000000008000480       0x34 ./Core/Src/main.o
                0x0000000008000480                Fifo_emty
 .text.Fifo_check_get
                0x00000000080004b4       0x1a ./Core/Src/main.o
                0x00000000080004b4                Fifo_check_get
 *fill*         0x00000000080004ce        0x2 
 .text.Heart_beat
                0x00000000080004d0       0x40 ./Core/Src/main.o
                0x00000000080004d0                Heart_beat
 .text.USART2_IRQHandler
                0x0000000008000510       0x20 ./Core/Src/main.o
                0x0000000008000510                USART2_IRQHandler
 .text.UART1_OutChar
                0x0000000008000530       0x40 ./Core/Src/main.o
                0x0000000008000530                UART1_OutChar
 .text.main     0x0000000008000570      0x110 ./Core/Src/main.o
                0x0000000008000570                main
 .text.SystemClock_Config
                0x0000000008000680       0x8a ./Core/Src/main.o
                0x0000000008000680                SystemClock_Config
 *fill*         0x000000000800070a        0x2 
 .text.MX_SPI1_Init
                0x000000000800070c       0x70 ./Core/Src/main.o
 .text.MX_GPIO_Init
                0x000000000800077c       0x98 ./Core/Src/main.o
 .text.Error_Handler
                0x0000000008000814        0xa ./Core/Src/main.o
                0x0000000008000814                Error_Handler
 *fill*         0x000000000800081e        0x2 
 .text.ST7735_Select
                0x0000000008000820       0x18 ./Core/Src/st7735.o
 .text.ST7735_Unselect
                0x0000000008000838       0x18 ./Core/Src/st7735.o
                0x0000000008000838                ST7735_Unselect
 .text.ST7735_Reset
                0x0000000008000850       0x28 ./Core/Src/st7735.o
 .text.ST7735_WriteCommand
                0x0000000008000878       0x34 ./Core/Src/st7735.o
 .text.ST7735_WriteData
                0x00000000080008ac       0x34 ./Core/Src/st7735.o
 .text.ST7735_ExecuteCommandList
                0x00000000080008e0       0x92 ./Core/Src/st7735.o
 .text.ST7735_SetAddressWindow
                0x0000000008000972       0x68 ./Core/Src/st7735.o
 *fill*         0x00000000080009da        0x2 
 .text.ST7735_Init
                0x00000000080009dc       0x34 ./Core/Src/st7735.o
                0x00000000080009dc                ST7735_Init
 .text.ST7735_FillRectangle
                0x0000000008000a10       0xe4 ./Core/Src/st7735.o
                0x0000000008000a10                ST7735_FillRectangle
 .text.ST7735_FillScreen
                0x0000000008000af4       0x22 ./Core/Src/st7735.o
                0x0000000008000af4                ST7735_FillScreen
 .text.ST7735_DrawImage
                0x0000000008000b16       0x98 ./Core/Src/st7735.o
                0x0000000008000b16                ST7735_DrawImage
 *fill*         0x0000000008000bae        0x2 
 .text.HAL_MspInit
                0x0000000008000bb0       0x64 ./Core/Src/stm32f1xx_hal_msp.o
                0x0000000008000bb0                HAL_MspInit
 .text.HAL_SPI_MspInit
                0x0000000008000c14       0x7c ./Core/Src/stm32f1xx_hal_msp.o
                0x0000000008000c14                HAL_SPI_MspInit
 .text.NMI_Handler
                0x0000000008000c90        0x6 ./Core/Src/stm32f1xx_it.o
                0x0000000008000c90                NMI_Handler
 .text.HardFault_Handler
                0x0000000008000c96        0x6 ./Core/Src/stm32f1xx_it.o
                0x0000000008000c96                HardFault_Handler
 .text.MemManage_Handler
                0x0000000008000c9c        0x6 ./Core/Src/stm32f1xx_it.o
                0x0000000008000c9c                MemManage_Handler
 .text.BusFault_Handler
                0x0000000008000ca2        0x6 ./Core/Src/stm32f1xx_it.o
                0x0000000008000ca2                BusFault_Handler
 .text.UsageFault_Handler
                0x0000000008000ca8        0x6 ./Core/Src/stm32f1xx_it.o
                0x0000000008000ca8                UsageFault_Handler
 .text.SVC_Handler
                0x0000000008000cae        0xc ./Core/Src/stm32f1xx_it.o
                0x0000000008000cae                SVC_Handler
 .text.DebugMon_Handler
                0x0000000008000cba        0xc ./Core/Src/stm32f1xx_it.o
                0x0000000008000cba                DebugMon_Handler
 .text.PendSV_Handler
                0x0000000008000cc6        0xc ./Core/Src/stm32f1xx_it.o
                0x0000000008000cc6                PendSV_Handler
 .text.SysTick_Handler
                0x0000000008000cd2        0xc ./Core/Src/stm32f1xx_it.o
                0x0000000008000cd2                SysTick_Handler
 .text.SystemInit
                0x0000000008000cde        0xc ./Core/Src/system_stm32f1xx.o
                0x0000000008000cde                SystemInit
 *fill*         0x0000000008000cea        0x2 
 .text.Reset_Handler
                0x0000000008000cec       0x48 ./Core/Startup/startup_stm32f103c8tx.o
                0x0000000008000cec                Reset_Handler
 .text.Default_Handler
                0x0000000008000d34        0x2 ./Core/Startup/startup_stm32f103c8tx.o
                0x0000000008000d34                RTC_Alarm_IRQHandler
                0x0000000008000d34                EXTI2_IRQHandler
                0x0000000008000d34                TIM1_CC_IRQHandler
                0x0000000008000d34                PVD_IRQHandler
                0x0000000008000d34                EXTI3_IRQHandler
                0x0000000008000d34                EXTI0_IRQHandler
                0x0000000008000d34                I2C2_EV_IRQHandler
                0x0000000008000d34                ADC1_2_IRQHandler
                0x0000000008000d34                SPI1_IRQHandler
                0x0000000008000d34                TAMPER_IRQHandler
                0x0000000008000d34                DMA1_Channel4_IRQHandler
                0x0000000008000d34                USART3_IRQHandler
                0x0000000008000d34                RTC_IRQHandler
                0x0000000008000d34                DMA1_Channel7_IRQHandler
                0x0000000008000d34                CAN1_RX1_IRQHandler
                0x0000000008000d34                TIM4_IRQHandler
                0x0000000008000d34                I2C1_EV_IRQHandler
                0x0000000008000d34                DMA1_Channel6_IRQHandler
                0x0000000008000d34                TIM3_IRQHandler
                0x0000000008000d34                RCC_IRQHandler
                0x0000000008000d34                TIM1_TRG_COM_IRQHandler
                0x0000000008000d34                DMA1_Channel1_IRQHandler
                0x0000000008000d34                Default_Handler
                0x0000000008000d34                EXTI15_10_IRQHandler
                0x0000000008000d34                EXTI9_5_IRQHandler
                0x0000000008000d34                SPI2_IRQHandler
                0x0000000008000d34                DMA1_Channel5_IRQHandler
                0x0000000008000d34                EXTI4_IRQHandler
                0x0000000008000d34                USB_LP_CAN1_RX0_IRQHandler
                0x0000000008000d34                USB_HP_CAN1_TX_IRQHandler
                0x0000000008000d34                DMA1_Channel3_IRQHandler
                0x0000000008000d34                TIM1_UP_IRQHandler
                0x0000000008000d34                WWDG_IRQHandler
                0x0000000008000d34                TIM2_IRQHandler
                0x0000000008000d34                TIM1_BRK_IRQHandler
                0x0000000008000d34                EXTI1_IRQHandler
                0x0000000008000d34                I2C2_ER_IRQHandler
                0x0000000008000d34                DMA1_Channel2_IRQHandler
                0x0000000008000d34                CAN1_SCE_IRQHandler
                0x0000000008000d34                FLASH_IRQHandler
                0x0000000008000d34                USART1_IRQHandler
                0x0000000008000d34                I2C1_ER_IRQHandler
                0x0000000008000d34                USBWakeUp_IRQHandler
 *fill*         0x0000000008000d36        0x2 
 .text.HAL_Init
                0x0000000008000d38       0x2c ./Drivers/STM32F1xx_HAL_Driver/Src/stm32f1xx_hal.o
                0x0000000008000d38                HAL_Init
 .text.HAL_InitTick
                0x0000000008000d64       0x60 ./Drivers/STM32F1xx_HAL_Driver/Src/stm32f1xx_hal.o
                0x0000000008000d64                HAL_InitTick
 .text.HAL_IncTick
                0x0000000008000dc4       0x24 ./Drivers/STM32F1xx_HAL_Driver/Src/stm32f1xx_hal.o
                0x0000000008000dc4                HAL_IncTick
 .text.HAL_GetTick
                0x0000000008000de8       0x14 ./Drivers/STM32F1xx_HAL_Driver/Src/stm32f1xx_hal.o
                0x0000000008000de8                HAL_GetTick
 .text.HAL_Delay
                0x0000000008000dfc       0x48 ./Drivers/STM32F1xx_HAL_Driver/Src/stm32f1xx_hal.o
                0x0000000008000dfc                HAL_Delay
 .text.__NVIC_SetPriorityGrouping
                0x0000000008000e44       0x48 ./Drivers/STM32F1xx_HAL_Driver/Src/stm32f1xx_hal_cortex.o
 .text.__NVIC_GetPriorityGrouping
                0x0000000008000e8c       0x1c ./Drivers/STM32F1xx_HAL_Driver/Src/stm32f1xx_hal_cortex.o
 .text.__NVIC_SetPriority
                0x0000000008000ea8       0x54 ./Drivers/STM32F1xx_HAL_Driver/Src/stm32f1xx_hal_cortex.o
 .text.NVIC_EncodePriority
                0x0000000008000efc       0x64 ./Drivers/STM32F1xx_HAL_Driver/Src/stm32f1xx_hal_cortex.o
 .text.SysTick_Config
                0x0000000008000f60       0x44 ./Drivers/STM32F1xx_HAL_Driver/Src/stm32f1xx_hal_cortex.o
 .text.HAL_NVIC_SetPriorityGrouping
                0x0000000008000fa4       0x16 ./Drivers/STM32F1xx_HAL_Driver/Src/stm32f1xx_hal_cortex.o
                0x0000000008000fa4                HAL_NVIC_SetPriorityGrouping
 .text.HAL_NVIC_SetPriority
                0x0000000008000fba       0x38 ./Drivers/STM32F1xx_HAL_Driver/Src/stm32f1xx_hal_cortex.o
                0x0000000008000fba                HAL_NVIC_SetPriority
 .text.HAL_SYSTICK_Config
                0x0000000008000ff2       0x18 ./Drivers/STM32F1xx_HAL_Driver/Src/stm32f1xx_hal_cortex.o
                0x0000000008000ff2                HAL_SYSTICK_Config
 *fill*         0x000000000800100a        0x2 
 .text.HAL_GPIO_Init
                0x000000000800100c      0x308 ./Drivers/STM32F1xx_HAL_Driver/Src/stm32f1xx_hal_gpio.o
                0x000000000800100c                HAL_GPIO_Init
 .text.HAL_GPIO_WritePin
                0x0000000008001314       0x30 ./Drivers/STM32F1xx_HAL_Driver/Src/stm32f1xx_hal_gpio.o
                0x0000000008001314                HAL_GPIO_WritePin
 .text.HAL_RCC_OscConfig
                0x0000000008001344      0x504 ./Drivers/STM32F1xx_HAL_Driver/Src/stm32f1xx_hal_rcc.o
                0x0000000008001344                HAL_RCC_OscConfig
 .text.HAL_RCC_ClockConfig
                0x0000000008001848      0x1d4 ./Drivers/STM32F1xx_HAL_Driver/Src/stm32f1xx_hal_rcc.o
                0x0000000008001848                HAL_RCC_ClockConfig
 .text.HAL_RCC_GetSysClockFreq
                0x0000000008001a1c       0xa8 ./Drivers/STM32F1xx_HAL_Driver/Src/stm32f1xx_hal_rcc.o
                0x0000000008001a1c                HAL_RCC_GetSysClockFreq
 .text.RCC_Delay
                0x0000000008001ac4       0x3c ./Drivers/STM32F1xx_HAL_Driver/Src/stm32f1xx_hal_rcc.o
 .text.HAL_SPI_Init
                0x0000000008001b00      0x108 ./Drivers/STM32F1xx_HAL_Driver/Src/stm32f1xx_hal_spi.o
                0x0000000008001b00                HAL_SPI_Init
 .text.HAL_SPI_Transmit
                0x0000000008001c08      0x286 ./Drivers/STM32F1xx_HAL_Driver/Src/stm32f1xx_hal_spi.o
                0x0000000008001c08                HAL_SPI_Transmit
 *fill*         0x0000000008001e8e        0x2 
 .text.SPI_WaitFlagStateUntilTimeout
                0x0000000008001e90      0x110 ./Drivers/STM32F1xx_HAL_Driver/Src/stm32f1xx_hal_spi.o
 .text.SPI_EndRxTxTransaction
                0x0000000008001fa0       0x3c ./Drivers/STM32F1xx_HAL_Driver/Src/stm32f1xx_hal_spi.o
 .text.memset   0x0000000008001fdc       0x10 C:/ST/STM32CubeIDE_1.13.1/STM32CubeIDE/plugins/com.st.stm32cube.ide.mcu.externaltools.gnu-tools-for-stm32.11.3.rel1.win32_1.1.0.202305231506/tools/bin/../lib/gcc/arm-none-eabi/11.3.1/../../../../arm-none-eabi/lib/thumb/v7-m/nofp\libc_nano.a(libc_a-memset.o)
                0x0000000008001fdc                memset
 .text.__libc_init_array
                0x0000000008001fec       0x48 C:/ST/STM32CubeIDE_1.13.1/STM32CubeIDE/plugins/com.st.stm32cube.ide.mcu.externaltools.gnu-tools-for-stm32.11.3.rel1.win32_1.1.0.202305231506/tools/bin/../lib/gcc/arm-none-eabi/11.3.1/../../../../arm-none-eabi/lib/thumb/v7-m/nofp\libc_nano.a(libc_a-init.o)
                0x0000000008001fec                __libc_init_array
 *(.glue_7)
 .glue_7        0x0000000008002034        0x0 linker stubs
 *(.glue_7t)
 .glue_7t       0x0000000008002034        0x0 linker stubs
 *(.eh_frame)
 .eh_frame      0x0000000008002034        0x0 C:/ST/STM32CubeIDE_1.13.1/STM32CubeIDE/plugins/com.st.stm32cube.ide.mcu.externaltools.gnu-tools-for-stm32.11.3.rel1.win32_1.1.0.202305231506/tools/bin/../lib/gcc/arm-none-eabi/11.3.1/thumb/v7-m/nofp/crtbegin.o
 *(.init)
 .init          0x0000000008002034        0x4 C:/ST/STM32CubeIDE_1.13.1/STM32CubeIDE/plugins/com.st.stm32cube.ide.mcu.externaltools.gnu-tools-for-stm32.11.3.rel1.win32_1.1.0.202305231506/tools/bin/../lib/gcc/arm-none-eabi/11.3.1/thumb/v7-m/nofp/crti.o
                0x0000000008002034                _init
 .init          0x0000000008002038        0x8 C:/ST/STM32CubeIDE_1.13.1/STM32CubeIDE/plugins/com.st.stm32cube.ide.mcu.externaltools.gnu-tools-for-stm32.11.3.rel1.win32_1.1.0.202305231506/tools/bin/../lib/gcc/arm-none-eabi/11.3.1/thumb/v7-m/nofp/crtn.o
 *(.fini)
 .fini          0x0000000008002040        0x4 C:/ST/STM32CubeIDE_1.13.1/STM32CubeIDE/plugins/com.st.stm32cube.ide.mcu.externaltools.gnu-tools-for-stm32.11.3.rel1.win32_1.1.0.202305231506/tools/bin/../lib/gcc/arm-none-eabi/11.3.1/thumb/v7-m/nofp/crti.o
                0x0000000008002040                _fini
 .fini          0x0000000008002044        0x8 C:/ST/STM32CubeIDE_1.13.1/STM32CubeIDE/plugins/com.st.stm32cube.ide.mcu.externaltools.gnu-tools-for-stm32.11.3.rel1.win32_1.1.0.202305231506/tools/bin/../lib/gcc/arm-none-eabi/11.3.1/thumb/v7-m/nofp/crtn.o
                0x000000000800204c                . = ALIGN (0x4)
                0x000000000800204c                _etext = .

.vfp11_veneer   0x000000000800204c        0x0
 .vfp11_veneer  0x000000000800204c        0x0 linker stubs

.v4_bx          0x000000000800204c        0x0
 .v4_bx         0x000000000800204c        0x0 linker stubs

.iplt           0x000000000800204c        0x0
 .iplt          0x000000000800204c        0x0 C:/ST/STM32CubeIDE_1.13.1/STM32CubeIDE/plugins/com.st.stm32cube.ide.mcu.externaltools.gnu-tools-for-stm32.11.3.rel1.win32_1.1.0.202305231506/tools/bin/../lib/gcc/arm-none-eabi/11.3.1/thumb/v7-m/nofp/crtbegin.o

.rodata         0x000000000800204c     0x5134
                0x000000000800204c                . = ALIGN (0x4)
 *(.rodata)
 .rodata        0x000000000800204c        0x8 ./Core/Src/main.o
 *(.rodata*)
 .rodata.image_data_Image
                0x0000000008002054     0x5090 ./Core/Src/main.o
 .rodata.init_cmds1
                0x00000000080070e4       0x3b ./Core/Src/st7735.o
 *fill*         0x000000000800711f        0x1 
 .rodata.init_cmds2
                0x0000000008007120        0xd ./Core/Src/st7735.o
 *fill*         0x000000000800712d        0x3 
 .rodata.init_cmds3
                0x0000000008007130       0x2b ./Core/Src/st7735.o
 *fill*         0x000000000800715b        0x1 
 .rodata.AHBPrescTable
                0x000000000800715c       0x10 ./Core/Src/system_stm32f1xx.o
                0x000000000800715c                AHBPrescTable
 .rodata.aPLLMULFactorTable.1
                0x000000000800716c       0x10 ./Drivers/STM32F1xx_HAL_Driver/Src/stm32f1xx_hal_rcc.o
 .rodata.aPredivFactorTable.0
                0x000000000800717c        0x2 ./Drivers/STM32F1xx_HAL_Driver/Src/stm32f1xx_hal_rcc.o
                0x0000000008007180                . = ALIGN (0x4)
 *fill*         0x000000000800717e        0x2 

.rel.dyn        0x0000000008007180        0x0
 .rel.iplt      0x0000000008007180        0x0 C:/ST/STM32CubeIDE_1.13.1/STM32CubeIDE/plugins/com.st.stm32cube.ide.mcu.externaltools.gnu-tools-for-stm32.11.3.rel1.win32_1.1.0.202305231506/tools/bin/../lib/gcc/arm-none-eabi/11.3.1/thumb/v7-m/nofp/crtbegin.o

.ARM.extab      0x0000000008007180        0x0
                0x0000000008007180                . = ALIGN (0x4)
 *(.ARM.extab* .gnu.linkonce.armextab.*)
                0x0000000008007180                . = ALIGN (0x4)

.ARM            0x0000000008007180        0x0
                0x0000000008007180                . = ALIGN (0x4)
                0x0000000008007180                __exidx_start = .
 *(.ARM.exidx*)
                0x0000000008007180                __exidx_end = .
                0x0000000008007180                . = ALIGN (0x4)

.preinit_array  0x0000000008007180        0x0
                0x0000000008007180                . = ALIGN (0x4)
                0x0000000008007180                PROVIDE (__preinit_array_start = .)
 *(.preinit_array*)
                0x0000000008007180                PROVIDE (__preinit_array_end = .)
                0x0000000008007180                . = ALIGN (0x4)

.init_array     0x0000000008007180        0x4
                0x0000000008007180                . = ALIGN (0x4)
                0x0000000008007180                PROVIDE (__init_array_start = .)
 *(SORT_BY_NAME(.init_array.*))
 *(.init_array*)
 .init_array    0x0000000008007180        0x4 C:/ST/STM32CubeIDE_1.13.1/STM32CubeIDE/plugins/com.st.stm32cube.ide.mcu.externaltools.gnu-tools-for-stm32.11.3.rel1.win32_1.1.0.202305231506/tools/bin/../lib/gcc/arm-none-eabi/11.3.1/thumb/v7-m/nofp/crtbegin.o
                0x0000000008007184                PROVIDE (__init_array_end = .)
                0x0000000008007184                . = ALIGN (0x4)

.fini_array     0x0000000008007184        0x4
                0x0000000008007184                . = ALIGN (0x4)
                [!provide]                        PROVIDE (__fini_array_start = .)
 *(SORT_BY_NAME(.fini_array.*))
 *(.fini_array*)
 .fini_array    0x0000000008007184        0x4 C:/ST/STM32CubeIDE_1.13.1/STM32CubeIDE/plugins/com.st.stm32cube.ide.mcu.externaltools.gnu-tools-for-stm32.11.3.rel1.win32_1.1.0.202305231506/tools/bin/../lib/gcc/arm-none-eabi/11.3.1/thumb/v7-m/nofp/crtbegin.o
                [!provide]                        PROVIDE (__fini_array_end = .)
                0x0000000008007188                . = ALIGN (0x4)
                0x0000000008007188                _sidata = LOADADDR (.data)

.data           0x0000000020000000       0x14 load address 0x0000000008007188
                0x0000000020000000                . = ALIGN (0x4)
                0x0000000020000000                _sdata = .
 *(.data)
 *(.data*)
 .data.Mess_tx  0x0000000020000000        0x8 ./Core/Src/main.o
                0x0000000020000000                Mess_tx
 .data.SystemCoreClock
                0x0000000020000008        0x4 ./Core/Src/system_stm32f1xx.o
                0x0000000020000008                SystemCoreClock
 .data.uwTickPrio
                0x000000002000000c        0x4 ./Drivers/STM32F1xx_HAL_Driver/Src/stm32f1xx_hal.o
                0x000000002000000c                uwTickPrio
 .data.uwTickFreq
                0x0000000020000010        0x1 ./Drivers/STM32F1xx_HAL_Driver/Src/stm32f1xx_hal.o
                0x0000000020000010                uwTickFreq
 *(.RamFunc)
 *(.RamFunc*)
                0x0000000020000014                . = ALIGN (0x4)
 *fill*         0x0000000020000011        0x3 
                0x0000000020000014                _edata = .

.igot.plt       0x0000000020000014        0x0 load address 0x000000000800719c
 .igot.plt      0x0000000020000014        0x0 C:/ST/STM32CubeIDE_1.13.1/STM32CubeIDE/plugins/com.st.stm32cube.ide.mcu.externaltools.gnu-tools-for-stm32.11.3.rel1.win32_1.1.0.202305231506/tools/bin/../lib/gcc/arm-none-eabi/11.3.1/thumb/v7-m/nofp/crtbegin.o
                0x0000000020000014                . = ALIGN (0x4)

.bss            0x0000000020000014       0x90 load address 0x000000000800719c
                0x0000000020000014                _sbss = .
                0x0000000020000014                __bss_start__ = _sbss
 *(.bss)
 .bss           0x0000000020000014       0x1c C:/ST/STM32CubeIDE_1.13.1/STM32CubeIDE/plugins/com.st.stm32cube.ide.mcu.externaltools.gnu-tools-for-stm32.11.3.rel1.win32_1.1.0.202305231506/tools/bin/../lib/gcc/arm-none-eabi/11.3.1/thumb/v7-m/nofp/crtbegin.o
 *(.bss*)
 .bss.put       0x0000000020000030        0x4 ./Core/Src/main.o
                0x0000000020000030                put
 .bss.get       0x0000000020000034        0x4 ./Core/Src/main.o
                0x0000000020000034                get
 .bss.i         0x0000000020000038        0x4 ./Core/Src/main.o
                0x0000000020000038                i
 .bss.buffer    0x000000002000003c        0x8 ./Core/Src/main.o
                0x000000002000003c                buffer
 .bss.Positon   0x0000000020000044        0x4 ./Core/Src/main.o
                0x0000000020000044                Positon
 .bss.hspi1     0x0000000020000048       0x58 ./Core/Src/main.o
                0x0000000020000048                hspi1
 .bss.uwTick    0x00000000200000a0        0x4 ./Drivers/STM32F1xx_HAL_Driver/Src/stm32f1xx_hal.o
                0x00000000200000a0                uwTick
 *(COMMON)
                0x00000000200000a4                . = ALIGN (0x4)
                0x00000000200000a4                _ebss = .
                0x00000000200000a4                __bss_end__ = _ebss

._user_heap_stack
                0x00000000200000a4      0x604 load address 0x000000000800719c
                0x00000000200000a8                . = ALIGN (0x8)
 *fill*         0x00000000200000a4        0x4 
                [!provide]                        PROVIDE (end = .)
                0x00000000200000a8                PROVIDE (_end = .)
                0x00000000200002a8                . = (. + _Min_Heap_Size)
 *fill*         0x00000000200000a8      0x200 
                0x00000000200006a8                . = (. + _Min_Stack_Size)
 *fill*         0x00000000200002a8      0x400 
                0x00000000200006a8                . = ALIGN (0x8)

/DISCARD/
 libc.a(*)
 libm.a(*)
 libgcc.a(*)

.ARM.attributes
                0x0000000000000000       0x29
 *(.ARM.attributes)
 .ARM.attributes
                0x0000000000000000       0x1d C:/ST/STM32CubeIDE_1.13.1/STM32CubeIDE/plugins/com.st.stm32cube.ide.mcu.externaltools.gnu-tools-for-stm32.11.3.rel1.win32_1.1.0.202305231506/tools/bin/../lib/gcc/arm-none-eabi/11.3.1/thumb/v7-m/nofp/crti.o
 .ARM.attributes
                0x000000000000001d       0x2d C:/ST/STM32CubeIDE_1.13.1/STM32CubeIDE/plugins/com.st.stm32cube.ide.mcu.externaltools.gnu-tools-for-stm32.11.3.rel1.win32_1.1.0.202305231506/tools/bin/../lib/gcc/arm-none-eabi/11.3.1/thumb/v7-m/nofp/crtbegin.o
 .ARM.attributes
                0x000000000000004a       0x2d ./Core/Src/main.o
 .ARM.attributes
                0x0000000000000077       0x2d ./Core/Src/st7735.o
 .ARM.attributes
                0x00000000000000a4       0x2d ./Core/Src/stm32f1xx_hal_msp.o
 .ARM.attributes
                0x00000000000000d1       0x2d ./Core/Src/stm32f1xx_it.o
 .ARM.attributes
                0x00000000000000fe       0x2d ./Core/Src/system_stm32f1xx.o
 .ARM.attributes
                0x000000000000012b       0x21 ./Core/Startup/startup_stm32f103c8tx.o
 .ARM.attributes
                0x000000000000014c       0x2d ./Drivers/STM32F1xx_HAL_Driver/Src/stm32f1xx_hal.o
 .ARM.attributes
                0x0000000000000179       0x2d ./Drivers/STM32F1xx_HAL_Driver/Src/stm32f1xx_hal_cortex.o
 .ARM.attributes
                0x00000000000001a6       0x2d ./Drivers/STM32F1xx_HAL_Driver/Src/stm32f1xx_hal_gpio.o
 .ARM.attributes
                0x00000000000001d3       0x2d ./Drivers/STM32F1xx_HAL_Driver/Src/stm32f1xx_hal_rcc.o
 .ARM.attributes
                0x0000000000000200       0x2d ./Drivers/STM32F1xx_HAL_Driver/Src/stm32f1xx_hal_spi.o
 .ARM.attributes
                0x000000000000022d       0x2d C:/ST/STM32CubeIDE_1.13.1/STM32CubeIDE/plugins/com.st.stm32cube.ide.mcu.externaltools.gnu-tools-for-stm32.11.3.rel1.win32_1.1.0.202305231506/tools/bin/../lib/gcc/arm-none-eabi/11.3.1/../../../../arm-none-eabi/lib/thumb/v7-m/nofp\libc_nano.a(libc_a-memset.o)
 .ARM.attributes
                0x000000000000025a       0x2d C:/ST/STM32CubeIDE_1.13.1/STM32CubeIDE/plugins/com.st.stm32cube.ide.mcu.externaltools.gnu-tools-for-stm32.11.3.rel1.win32_1.1.0.202305231506/tools/bin/../lib/gcc/arm-none-eabi/11.3.1/../../../../arm-none-eabi/lib/thumb/v7-m/nofp\libc_nano.a(libc_a-init.o)
 .ARM.attributes
                0x0000000000000287       0x1d C:/ST/STM32CubeIDE_1.13.1/STM32CubeIDE/plugins/com.st.stm32cube.ide.mcu.externaltools.gnu-tools-for-stm32.11.3.rel1.win32_1.1.0.202305231506/tools/bin/../lib/gcc/arm-none-eabi/11.3.1/thumb/v7-m/nofp/crtn.o
OUTPUT(OLED.elf elf32-littlearm)
LOAD linker stubs
LOAD C:/ST/STM32CubeIDE_1.13.1/STM32CubeIDE/plugins/com.st.stm32cube.ide.mcu.externaltools.gnu-tools-for-stm32.11.3.rel1.win32_1.1.0.202305231506/tools/bin/../lib/gcc/arm-none-eabi/11.3.1/../../../../arm-none-eabi/lib/thumb/v7-m/nofp\libc.a
LOAD C:/ST/STM32CubeIDE_1.13.1/STM32CubeIDE/plugins/com.st.stm32cube.ide.mcu.externaltools.gnu-tools-for-stm32.11.3.rel1.win32_1.1.0.202305231506/tools/bin/../lib/gcc/arm-none-eabi/11.3.1/../../../../arm-none-eabi/lib/thumb/v7-m/nofp\libm.a
LOAD C:/ST/STM32CubeIDE_1.13.1/STM32CubeIDE/plugins/com.st.stm32cube.ide.mcu.externaltools.gnu-tools-for-stm32.11.3.rel1.win32_1.1.0.202305231506/tools/bin/../lib/gcc/arm-none-eabi/11.3.1/thumb/v7-m/nofp\libgcc.a

.comment        0x0000000000000000       0x43
 .comment       0x0000000000000000       0x43 C:/ST/STM32CubeIDE_1.13.1/STM32CubeIDE/plugins/com.st.stm32cube.ide.mcu.externaltools.gnu-tools-for-stm32.11.3.rel1.win32_1.1.0.202305231506/tools/bin/../lib/gcc/arm-none-eabi/11.3.1/thumb/v7-m/nofp/crtbegin.o
                                         0x44 (size before relaxing)
 .comment       0x0000000000000043       0x44 ./Core/Src/main.o
 .comment       0x0000000000000043       0x44 ./Core/Src/st7735.o
 .comment       0x0000000000000043       0x44 ./Core/Src/stm32f1xx_hal_msp.o
 .comment       0x0000000000000043       0x44 ./Core/Src/stm32f1xx_it.o
 .comment       0x0000000000000043       0x44 ./Core/Src/system_stm32f1xx.o
 .comment       0x0000000000000043       0x44 ./Drivers/STM32F1xx_HAL_Driver/Src/stm32f1xx_hal.o
 .comment       0x0000000000000043       0x44 ./Drivers/STM32F1xx_HAL_Driver/Src/stm32f1xx_hal_cortex.o
 .comment       0x0000000000000043       0x44 ./Drivers/STM32F1xx_HAL_Driver/Src/stm32f1xx_hal_gpio.o
 .comment       0x0000000000000043       0x44 ./Drivers/STM32F1xx_HAL_Driver/Src/stm32f1xx_hal_rcc.o
 .comment       0x0000000000000043       0x44 ./Drivers/STM32F1xx_HAL_Driver/Src/stm32f1xx_hal_spi.o

.debug_info     0x0000000000000000     0x5d5b
 .debug_info    0x0000000000000000     0x11cd ./Core/Src/main.o
 .debug_info    0x00000000000011cd      0xc13 ./Core/Src/st7735.o
 .debug_info    0x0000000000001de0      0x815 ./Core/Src/stm32f1xx_hal_msp.o
 .debug_info    0x00000000000025f5      0x113 ./Core/Src/stm32f1xx_it.o
 .debug_info    0x0000000000002708      0x222 ./Core/Src/system_stm32f1xx.o
 .debug_info    0x000000000000292a       0x23 ./Core/Startup/startup_stm32f103c8tx.o
 .debug_info    0x000000000000294d      0x704 ./Drivers/STM32F1xx_HAL_Driver/Src/stm32f1xx_hal.o
 .debug_info    0x0000000000003051      0xa87 ./Drivers/STM32F1xx_HAL_Driver/Src/stm32f1xx_hal_cortex.o
 .debug_info    0x0000000000003ad8      0x5ab ./Drivers/STM32F1xx_HAL_Driver/Src/stm32f1xx_hal_gpio.o
 .debug_info    0x0000000000004083      0x7d5 ./Drivers/STM32F1xx_HAL_Driver/Src/stm32f1xx_hal_rcc.o
 .debug_info    0x0000000000004858     0x1503 ./Drivers/STM32F1xx_HAL_Driver/Src/stm32f1xx_hal_spi.o

.debug_abbrev   0x0000000000000000     0x164e
 .debug_abbrev  0x0000000000000000      0x42b ./Core/Src/main.o
 .debug_abbrev  0x000000000000042b      0x2c0 ./Core/Src/st7735.o
 .debug_abbrev  0x00000000000006eb      0x1a5 ./Core/Src/stm32f1xx_hal_msp.o
 .debug_abbrev  0x0000000000000890       0x73 ./Core/Src/stm32f1xx_it.o
 .debug_abbrev  0x0000000000000903      0x13f ./Core/Src/system_stm32f1xx.o
 .debug_abbrev  0x0000000000000a42       0x12 ./Core/Startup/startup_stm32f103c8tx.o
 .debug_abbrev  0x0000000000000a54      0x201 ./Drivers/STM32F1xx_HAL_Driver/Src/stm32f1xx_hal.o
 .debug_abbrev  0x0000000000000c55      0x2f8 ./Drivers/STM32F1xx_HAL_Driver/Src/stm32f1xx_hal_cortex.o
 .debug_abbrev  0x0000000000000f4d      0x1ca ./Drivers/STM32F1xx_HAL_Driver/Src/stm32f1xx_hal_gpio.o
 .debug_abbrev  0x0000000000001117      0x2b3 ./Drivers/STM32F1xx_HAL_Driver/Src/stm32f1xx_hal_rcc.o
 .debug_abbrev  0x00000000000013ca      0x284 ./Drivers/STM32F1xx_HAL_Driver/Src/stm32f1xx_hal_spi.o

.debug_aranges  0x0000000000000000      0x700
 .debug_aranges
                0x0000000000000000       0xe0 ./Core/Src/main.o
 .debug_aranges
                0x00000000000000e0       0xa8 ./Core/Src/st7735.o
 .debug_aranges
                0x0000000000000188       0x30 ./Core/Src/stm32f1xx_hal_msp.o
 .debug_aranges
                0x00000000000001b8       0x60 ./Core/Src/stm32f1xx_it.o
 .debug_aranges
                0x0000000000000218       0x28 ./Core/Src/system_stm32f1xx.o
 .debug_aranges
                0x0000000000000240       0x28 ./Core/Startup/startup_stm32f103c8tx.o
 .debug_aranges
                0x0000000000000268       0xe0 ./Drivers/STM32F1xx_HAL_Driver/Src/stm32f1xx_hal.o
 .debug_aranges
                0x0000000000000348      0x100 ./Drivers/STM32F1xx_HAL_Driver/Src/stm32f1xx_hal_cortex.o
 .debug_aranges
                0x0000000000000448       0x58 ./Drivers/STM32F1xx_HAL_Driver/Src/stm32f1xx_hal_gpio.o
 .debug_aranges
                0x00000000000004a0       0x90 ./Drivers/STM32F1xx_HAL_Driver/Src/stm32f1xx_hal_rcc.o
 .debug_aranges
                0x0000000000000530      0x1d0 ./Drivers/STM32F1xx_HAL_Driver/Src/stm32f1xx_hal_spi.o

.debug_rnglists
                0x0000000000000000      0x532
 .debug_rnglists
                0x0000000000000000       0xa7 ./Core/Src/main.o
 .debug_rnglists
                0x00000000000000a7       0x7f ./Core/Src/st7735.o
 .debug_rnglists
                0x0000000000000126       0x1f ./Core/Src/stm32f1xx_hal_msp.o
 .debug_rnglists
                0x0000000000000145       0x43 ./Core/Src/stm32f1xx_it.o
 .debug_rnglists
                0x0000000000000188       0x1a ./Core/Src/system_stm32f1xx.o
 .debug_rnglists
                0x00000000000001a2       0x19 ./Core/Startup/startup_stm32f103c8tx.o
 .debug_rnglists
                0x00000000000001bb       0xa3 ./Drivers/STM32F1xx_HAL_Driver/Src/stm32f1xx_hal.o
 .debug_rnglists
                0x000000000000025e       0xbb ./Drivers/STM32F1xx_HAL_Driver/Src/stm32f1xx_hal_cortex.o
 .debug_rnglists
                0x0000000000000319       0x3f ./Drivers/STM32F1xx_HAL_Driver/Src/stm32f1xx_hal_gpio.o
 .debug_rnglists
                0x0000000000000358       0x6c ./Drivers/STM32F1xx_HAL_Driver/Src/stm32f1xx_hal_rcc.o
 .debug_rnglists
                0x00000000000003c4      0x16e ./Drivers/STM32F1xx_HAL_Driver/Src/stm32f1xx_hal_spi.o

.debug_macro    0x0000000000000000     0x14b4
 .debug_macro   0x0000000000000000      0x2a0 ./Core/Src/main.o
 .debug_macro   0x00000000000002a0       0x10 ./Core/Src/main.o
 .debug_macro   0x00000000000002b0       0x20 ./Core/Src/main.o
 .debug_macro   0x00000000000002d0      0x1c5 ./Core/Src/main.o
 .debug_macro   0x0000000000000495      0x2ac ./Core/Src/st7735.o
 .debug_macro   0x0000000000000741       0x3c ./Core/Src/st7735.o
 .debug_macro   0x000000000000077d      0x198 ./Core/Src/stm32f1xx_hal_msp.o
 .debug_macro   0x0000000000000915      0x1a2 ./Core/Src/stm32f1xx_it.o
 .debug_macro   0x0000000000000ab7      0x18e ./Core/Src/system_stm32f1xx.o
 .debug_macro   0x0000000000000c45      0x1b2 ./Drivers/STM32F1xx_HAL_Driver/Src/stm32f1xx_hal.o
 .debug_macro   0x0000000000000df7      0x18e ./Drivers/STM32F1xx_HAL_Driver/Src/stm32f1xx_hal_cortex.o
 .debug_macro   0x0000000000000f85      0x1f9 ./Drivers/STM32F1xx_HAL_Driver/Src/stm32f1xx_hal_gpio.o
 .debug_macro   0x000000000000117e      0x1a0 ./Drivers/STM32F1xx_HAL_Driver/Src/stm32f1xx_hal_rcc.o
 .debug_macro   0x000000000000131e      0x196 ./Drivers/STM32F1xx_HAL_Driver/Src/stm32f1xx_hal_spi.o

.debug_line     0x0000000000000000     0x78b5
 .debug_line    0x0000000000000000      0xd74 ./Core/Src/main.o
 .debug_line    0x0000000000000d74      0xc7e ./Core/Src/st7735.o
 .debug_line    0x00000000000019f2      0x715 ./Core/Src/stm32f1xx_hal_msp.o
 .debug_line    0x0000000000002107      0x78d ./Core/Src/stm32f1xx_it.o
 .debug_line    0x0000000000002894      0x749 ./Core/Src/system_stm32f1xx.o
 .debug_line    0x0000000000002fdd       0x78 ./Core/Startup/startup_stm32f103c8tx.o
 .debug_line    0x0000000000003055      0x976 ./Drivers/STM32F1xx_HAL_Driver/Src/stm32f1xx_hal.o
 .debug_line    0x00000000000039cb      0xb5e ./Drivers/STM32F1xx_HAL_Driver/Src/stm32f1xx_hal_cortex.o
 .debug_line    0x0000000000004529      0xa0f ./Drivers/STM32F1xx_HAL_Driver/Src/stm32f1xx_hal_gpio.o
 .debug_line    0x0000000000004f38      0xd7f ./Drivers/STM32F1xx_HAL_Driver/Src/stm32f1xx_hal_rcc.o
 .debug_line    0x0000000000005cb7     0x1bfe ./Drivers/STM32F1xx_HAL_Driver/Src/stm32f1xx_hal_spi.o

.debug_str      0x0000000000000000    0x81379
 .debug_str     0x0000000000000000    0x7feb7 ./Core/Src/main.o
                                      0x8030b (size before relaxing)
 .debug_str     0x000000000007feb7      0x26a ./Core/Src/st7735.o
                                      0x7fe3c (size before relaxing)
 .debug_str     0x0000000000080121       0x87 ./Core/Src/stm32f1xx_hal_msp.o
                                      0x7c4e6 (size before relaxing)
 .debug_str     0x00000000000801a8       0xc9 ./Core/Src/stm32f1xx_it.o
                                      0x7c0a0 (size before relaxing)
 .debug_str     0x0000000000080271       0x7e ./Core/Src/system_stm32f1xx.o
                                      0x7c0b6 (size before relaxing)
 .debug_str     0x00000000000802ef       0x34 ./Core/Startup/startup_stm32f103c8tx.o
                                         0x6c (size before relaxing)
 .debug_str     0x0000000000080323      0x38f ./Drivers/STM32F1xx_HAL_Driver/Src/stm32f1xx_hal.o
                                      0x7c7e9 (size before relaxing)
 .debug_str     0x00000000000806b2      0x258 ./Drivers/STM32F1xx_HAL_Driver/Src/stm32f1xx_hal_cortex.o
                                      0x7c735 (size before relaxing)
 .debug_str     0x000000000008090a      0x2e6 ./Drivers/STM32F1xx_HAL_Driver/Src/stm32f1xx_hal_gpio.o
                                      0x7c43c (size before relaxing)
 .debug_str     0x0000000000080bf0      0x229 ./Drivers/STM32F1xx_HAL_Driver/Src/stm32f1xx_hal_rcc.o
                                      0x7c4e5 (size before relaxing)
 .debug_str     0x0000000000080e19      0x560 ./Drivers/STM32F1xx_HAL_Driver/Src/stm32f1xx_hal_spi.o
                                      0x7c9e2 (size before relaxing)

.debug_frame    0x0000000000000000     0x1b2c
 .debug_frame   0x0000000000000000      0x37c ./Core/Src/main.o
 .debug_frame   0x000000000000037c      0x2a4 ./Core/Src/st7735.o
 .debug_frame   0x0000000000000620       0x80 ./Core/Src/stm32f1xx_hal_msp.o
 .debug_frame   0x00000000000006a0      0x104 ./Core/Src/stm32f1xx_it.o
 .debug_frame   0x00000000000007a4       0x58 ./Core/Src/system_stm32f1xx.o
 .debug_frame   0x00000000000007fc      0x334 ./Drivers/STM32F1xx_HAL_Driver/Src/stm32f1xx_hal.o
 .debug_frame   0x0000000000000b30      0x428 ./Drivers/STM32F1xx_HAL_Driver/Src/stm32f1xx_hal_cortex.o
 .debug_frame   0x0000000000000f58      0x14c ./Drivers/STM32F1xx_HAL_Driver/Src/stm32f1xx_hal_gpio.o
 .debug_frame   0x00000000000010a4      0x218 ./Drivers/STM32F1xx_HAL_Driver/Src/stm32f1xx_hal_rcc.o
 .debug_frame   0x00000000000012bc      0x824 ./Drivers/STM32F1xx_HAL_Driver/Src/stm32f1xx_hal_spi.o
 .debug_frame   0x0000000000001ae0       0x20 C:/ST/STM32CubeIDE_1.13.1/STM32CubeIDE/plugins/com.st.stm32cube.ide.mcu.externaltools.gnu-tools-for-stm32.11.3.rel1.win32_1.1.0.202305231506/tools/bin/../lib/gcc/arm-none-eabi/11.3.1/../../../../arm-none-eabi/lib/thumb/v7-m/nofp\libc_nano.a(libc_a-memset.o)
 .debug_frame   0x0000000000001b00       0x2c C:/ST/STM32CubeIDE_1.13.1/STM32CubeIDE/plugins/com.st.stm32cube.ide.mcu.externaltools.gnu-tools-for-stm32.11.3.rel1.win32_1.1.0.202305231506/tools/bin/../lib/gcc/arm-none-eabi/11.3.1/../../../../arm-none-eabi/lib/thumb/v7-m/nofp\libc_nano.a(libc_a-init.o)

.debug_line_str
                0x0000000000000000       0x60
 .debug_line_str
                0x0000000000000000       0x60 ./Core/Startup/startup_stm32f103c8tx.o
                                         0x78 (size before relaxing)
