<html>
<body>
<pre>
<h1>µVision Build Log</h1>
<h2>Tool Versions:</h2>
IDE-Version: µVision V5.38.0.0
Copyright (C) 2022 ARM Ltd and ARM Germany GmbH. All rights reserved.
License Information: do thanh, a, LIC=----
 
Tool Versions:
Toolchain:       MDK-Lite  Version: 5.38.0.0
Toolchain Path:  C:\Keil_v5\ARM\ARMCLANG\Bin
C Compiler:      ArmClang.exe V6.19
Assembler:       Armasm.exe V6.19
Linker/Locator:  ArmLink.exe V6.19
Library Manager: ArmAr.exe V6.19
Hex Converter:   FromElf.exe V6.19
CPU DLL:         SARMCM3.DLL V5.38.0.0
Dialog DLL:      DCM.DLL V1.17.5.0
Target DLL:      STLink\ST-LINKIII-KEIL_SWO.dll V3.1.0.0
Dialog DLL:      TCM.DLL V1.56.4.0
 
<h2>Project:</h2>
C:\STM32\breathled\ledbreath.uvprojx
Project File Date:  10/25/2023

<h2>Output:</h2>
*** Using Compiler 'V6.19', folder: 'C:\Keil_v5\ARM\ARMCLANG\Bin'
Build target 'Target 1'
mainla.c(2): warning: In file included from...
C:/Users/ADMIN/AppData/Local/Arm/Packs/Keil/STM32F1xx_DFP/2.4.1/Device/Include\stm32f10x.h(18): warning: invalid UTF-8 in comment [-Winvalid-utf8]
  *              - To use or not the peripheral<92>s drivers in application code(i.e. 
                                               ^
C:/Users/ADMIN/AppData/Local/Arm/Packs/Keil/STM32F1xx_DFP/2.4.1/Device/Include\stm32f10x.h(19): warning: invalid UTF-8 in comment [-Winvalid-utf8]
  *                code will be based on direct access to peripheral<92>s registers 
                                                                    ^
C:/Users/ADMIN/AppData/Local/Arm/Packs/Keil/STM32F1xx_DFP/2.4.1/Device/Include\stm32f10x.h(26): warning: invalid UTF-8 in comment [-Winvalid-utf8]
  *           - Macros to access peripheral<92>s registers hardware
                                           ^
mainla.c(2): warning: In file included from...
C:/Users/ADMIN/AppData/Local/Arm/Packs/Keil/STM32F1xx_DFP/2.4.1/Device/Include\stm32f10x.h(8347): warning: In file included from...
./RTE/Device/STM32F103C8\stm32f10x_conf.h(63): warning: In file included from...
C:/Users/ADMIN/AppData/Local/Arm/Packs/Keil/STM32F1xx_DFP/2.4.1/Device/StdPeriph_Driver/inc\stm32f10x_gpio.h(31): warning: In file included from...
C:/Users/ADMIN/AppData/Local/Arm/Packs/Keil/STM32F1xx_DFP/2.4.1/Device/Include\stm32f10x.h(18): warning: invalid UTF-8 in comment [-Winvalid-utf8]
  *              - To use or not the peripheral<92>s drivers in application code(i.e. 
                                               ^
C:/Users/ADMIN/AppData/Local/Arm/Packs/Keil/STM32F1xx_DFP/2.4.1/Device/Include\stm32f10x.h(19): warning: invalid UTF-8 in comment [-Winvalid-utf8]
  *                code will be based on direct access to peripheral<92>s registers 
                                                                    ^
C:/Users/ADMIN/AppData/Local/Arm/Packs/Keil/STM32F1xx_DFP/2.4.1/Device/Include\stm32f10x.h(26): warning: invalid UTF-8 in comment [-Winvalid-utf8]
  *           - Macros to access peripheral<92>s registers hardware
                                           ^
mainla.c(2): warning: In file included from...
C:/Users/ADMIN/AppData/Local/Arm/Packs/Keil/STM32F1xx_DFP/2.4.1/Device/Include\stm32f10x.h(8347): warning: In file included from...
./RTE/Device/STM32F103C8\stm32f10x_conf.h(75): warning: In file included from...
C:/Users/ADMIN/AppData/Local/Arm/Packs/Keil/STM32F1xx_DFP/2.4.1/Device/StdPeriph_Driver/inc\stm32f10x_rcc.h(31): warning: In file included from...
C:/Users/ADMIN/AppData/Local/Arm/Packs/Keil/STM32F1xx_DFP/2.4.1/Device/Include\stm32f10x.h(18): warning: invalid UTF-8 in comment [-Winvalid-utf8]
  *              - To use or not the peripheral<92>s drivers in application code(i.e. 
                                               ^
C:/Users/ADMIN/AppData/Local/Arm/Packs/Keil/STM32F1xx_DFP/2.4.1/Device/Include\stm32f10x.h(19): warning: invalid UTF-8 in comment [-Winvalid-utf8]
  *                code will be based on direct access to peripheral<92>s registers 
                                                                    ^
C:/Users/ADMIN/AppData/Local/Arm/Packs/Keil/STM32F1xx_DFP/2.4.1/Device/Include\stm32f10x.h(26): warning: invalid UTF-8 in comment [-Winvalid-utf8]
  *           - Macros to access peripheral<92>s registers hardware
                                           ^
mainla.c(2): warning: In file included from...
C:/Users/ADMIN/AppData/Local/Arm/Packs/Keil/STM32F1xx_DFP/2.4.1/Device/Include\stm32f10x.h(8347): warning: In file included from...
./RTE/Device/STM32F103C8\stm32f10x_conf.h(96): warning: In file included from...
C:/Users/ADMIN/AppData/Local/Arm/Packs/Keil/STM32F1xx_DFP/2.4.1/Device/StdPeriph_Driver/inc\misc.h(31): warning: In file included from...
C:/Users/ADMIN/AppData/Local/Arm/Packs/Keil/STM32F1xx_DFP/2.4.1/Device/Include\stm32f10x.h(18): warning: invalid UTF-8 in comment [-Winvalid-utf8]
  *              - To use or not the peripheral<92>s drivers in application code(i.e. 
                                               ^
C:/Users/ADMIN/AppData/Local/Arm/Packs/Keil/STM32F1xx_DFP/2.4.1/Device/Include\stm32f10x.h(19): warning: invalid UTF-8 in comment [-Winvalid-utf8]
  *                code will be based on direct access to peripheral<92>s registers 
                                                                    ^
C:/Users/ADMIN/AppData/Local/Arm/Packs/Keil/STM32F1xx_DFP/2.4.1/Device/Include\stm32f10x.h(26): warning: invalid UTF-8 in comment [-Winvalid-utf8]
  *           - Macros to access peripheral<92>s registers hardware
                                           ^
mainla.c(4): warning: // comments are not allowed in this language [-Wcomment]
//                                                                                                      Decleration GPIO                                                                                                                                                                                                        
^
mainla.c(6): warning: invalid UTF-8 in comment [-Winvalid-utf8]
#define GPIOA_CRL           (*(volatile uint32_t*)(GPIOA_BASE + 0x00))  // <D0>ia chi thanh ghi CRL
                                                                           ^
mainla.c(7): warning: invalid UTF-8 in comment [-Winvalid-utf8]
#define GPIOA_ODR           (*(volatile uint32_t*)(GPIOA_BASE + 0x0C))  // <D0>ia chi thanh ghi ODR (output data register)
                                                                           ^
mainla.c(8): warning: invalid UTF-8 in comment [-Winvalid-utf8]
#define GPIOA_IDR           (*(volatile uint32_t*)(GPIOA_BASE + 0x08))  // <D0>ia chi thanh ghi IDR (input data register)
                                                                           ^
mainla.c(42): warning: invalid UTF-8 in comment [-Winvalid-utf8]
                //cau hinh cac chan PA0,PA2 input:MODE = 00 v<E0> CNF = 10 pullup or pulldown
                                                             ^
mainla.c(43): warning: invalid UTF-8 in comment [-Winvalid-utf8]
                //cau hinh chan PA4 output: MODE = 11 max speed 50MHz v<E0> CNF = 00 general push-pull
                                                                       ^
mainla.c(61): warning: a function declaration without a prototype is deprecated in all versions of C [-Wstrict-prototypes]
void LED_On() {
           ^
            void
mainla.c(65): warning: a function declaration without a prototype is deprecated in all versions of C [-Wstrict-prototypes]
void LED_Off() {
            ^
             void
mainla.c(75): warning: a function declaration without a prototype is deprecated in all versions of C [-Wstrict-prototypes]
void delay_duty_cycle() {
                     ^
                      void
mainla.c(88): warning: a function declaration without a prototype is deprecated in all versions of C [-Wstrict-prototypes]
void delay_relax_cycle() {
                      ^
                       void
mainla.c(101): warning: a function declaration without a prototype is deprecated in all versions of C [-Wstrict-prototypes]
void change_handle_status() {
                         ^
                          void
mainla.c(110): warning: a function declaration without a prototype is deprecated in all versions of C [-Wstrict-prototypes]
uint32_t change_read_status() {
                           ^
                            void
mainla.c(114): warning: a function declaration without a prototype is deprecated in all versions of C [-Wstrict-prototypes]
void increase_duty_cycle() {
                        ^
                         void
mainla.c(125): warning: a function declaration without a prototype is deprecated in all versions of C [-Wstrict-prototypes]
void breath_handle_status() {
                         ^
                          void
mainla.c(153): warning: a function declaration without a prototype is deprecated in all versions of C [-Wstrict-prototypes]
uint32_t breath_read_status() {
                           ^
                            void
mainla.c(157): warning: a function declaration without a prototype is deprecated in all versions of C [-Wstrict-prototypes]
void breath_duty_cycle() {
                      ^
                       void
mainla.c(162): warning: a function declaration without a prototype is deprecated in all versions of C [-Wstrict-prototypes]
void breath_relax_cycle() { 
                       ^
                        void
mainla.c(165): warning: no newline at end of file [-Wnewline-eof]
}
 ^
30 warnings generated.
compiling mainla.c...
linking...
Program Size: Code=1626 RO-data=470 RW-data=16 ZI-data=1640  
".\Objects\ledbreath.axf" - 0 Error(s), 30 Warning(s).

<h2>Software Packages used:</h2>

Package Vendor: ARM
                http://www.keil.com/pack/ARM.CMSIS.5.9.0.pack
                ARM.CMSIS.5.9.0
                CMSIS (Common Microcontroller Software Interface Standard)
   * Component: CORE Version: 5.6.0

Package Vendor: Keil
                https://www.keil.com/pack/Keil.STM32F1xx_DFP.2.4.1.pack
                Keil.STM32F1xx_DFP.2.4.1
                STMicroelectronics STM32F1 Series Device Support, Drivers and Examples
   * Component: Startup Version: 1.0.0
   * Component: Framework Version: 3.6.0
   * Component: GPIO Version: 3.6.0
   * Component: RCC Version: 3.6.0

<h2>Collection of Component include folders:</h2>
  ./RTE/Device/STM32F103C8
  ./RTE/_Target_1
  C:/Users/ADMIN/AppData/Local/Arm/Packs/ARM/CMSIS/5.9.0/CMSIS/Core/Include
  C:/Users/ADMIN/AppData/Local/Arm/Packs/Keil/STM32F1xx_DFP/2.4.1/Device/Include
  C:/Users/ADMIN/AppData/Local/Arm/Packs/Keil/STM32F1xx_DFP/2.4.1/Device/StdPeriph_Driver/inc

<h2>Collection of Component Files used:</h2>

   * Component: ARM::CMSIS:CORE:5.6.0

   * Component: Keil::Device:Startup:1.0.0
      Source file:   Device/Source/ARM/startup_stm32f10x_md.s
      Include file:  RTE_Driver/Config/RTE_Device.h
      Source file:   Device/Source/ARM/STM32F1xx_OPT.s
      Source file:   Device/Source/system_stm32f10x.c

   * Component: Keil::Device:StdPeriph Drivers:Framework:3.6.0
      Include file:  Device/StdPeriph_Driver/inc/misc.h
      Include file:  Device/StdPeriph_Driver/templates/stm32f10x_it.h
      Source file:   Device/StdPeriph_Driver/templates/stm32f10x_it.c
      Source file:   Device/StdPeriph_Driver/src/misc.c
      Source file:   Device/StdPeriph_Driver/templates/stm32f10x_conf.h

   * Component: Keil::Device:StdPeriph Drivers:GPIO:3.6.0
      Source file:   Device/StdPeriph_Driver/src/stm32f10x_gpio.c
      Include file:  Device/StdPeriph_Driver/inc/stm32f10x_gpio.h

   * Component: Keil::Device:StdPeriph Drivers:RCC:3.6.0
      Source file:   Device/StdPeriph_Driver/src/stm32f10x_rcc.c
      Include file:  Device/StdPeriph_Driver/inc/stm32f10x_rcc.h
Build Time Elapsed:  00:00:01
</pre>
</body>
</html>
