<html>
<body>
<pre>
<h1>µVision Build Log</h1>
<h2>Tool Versions:</h2>
IDE-Version: µVision V5.38.0.0
Copyright (C) 2022 ARM Ltd and ARM Germany GmbH. All rights reserved.
License Information: do thanh, a, LIC=----
 
Tool Versions:
Toolchain:       MDK-Lite  Version: 5.38.0.0
Toolchain Path:  C:\Keil_v5\ARM\ARMCLANG\Bin
C Compiler:      ArmClang.exe V6.19
Assembler:       Armasm.exe V6.19
Linker/Locator:  ArmLink.exe V6.19
Library Manager: ArmAr.exe V6.19
Hex Converter:   FromElf.exe V6.19
CPU DLL:         SARMCM3.DLL V5.38.0.0
Dialog DLL:      DCM.DLL V1.17.5.0
Target DLL:      STLink\ST-LINKIII-KEIL_SWO.dll V3.1.0.0
Dialog DLL:      TCM.DLL V1.56.4.0
 
<h2>Project:</h2>
C:\STM32\UART\UART.uvprojx
Project File Date:  11/23/2023

<h2>Output:</h2>
*** Using Compiler 'V6.19', folder: 'C:\Keil_v5\ARM\ARMCLANG\Bin'
Build target 'Target 1'
mainUART.c(2): warning: In file included from...
C:/Users/ADMIN/AppData/Local/Arm/Packs/Keil/STM32F1xx_DFP/2.4.1/Device/Include\stm32f10x.h(18): warning: invalid UTF-8 in comment [-Winvalid-utf8]
  *              - To use or not the peripheral<92>s drivers in application code(i.e. 
                                               ^
C:/Users/ADMIN/AppData/Local/Arm/Packs/Keil/STM32F1xx_DFP/2.4.1/Device/Include\stm32f10x.h(19): warning: invalid UTF-8 in comment [-Winvalid-utf8]
  *                code will be based on direct access to peripheral<92>s registers 
                                                                    ^
C:/Users/ADMIN/AppData/Local/Arm/Packs/Keil/STM32F1xx_DFP/2.4.1/Device/Include\stm32f10x.h(26): warning: invalid UTF-8 in comment [-Winvalid-utf8]
  *           - Macros to access peripheral<92>s registers hardware
                                           ^
mainUART.c(2): warning: In file included from...
C:/Users/ADMIN/AppData/Local/Arm/Packs/Keil/STM32F1xx_DFP/2.4.1/Device/Include\stm32f10x.h(8347): warning: In file included from...
./RTE/Device/STM32F103C8\stm32f10x_conf.h(63): warning: In file included from...
C:/Users/ADMIN/AppData/Local/Arm/Packs/Keil/STM32F1xx_DFP/2.4.1/Device/StdPeriph_Driver/inc\stm32f10x_gpio.h(31): warning: In file included from...
C:/Users/ADMIN/AppData/Local/Arm/Packs/Keil/STM32F1xx_DFP/2.4.1/Device/Include\stm32f10x.h(18): warning: invalid UTF-8 in comment [-Winvalid-utf8]
  *              - To use or not the peripheral<92>s drivers in application code(i.e. 
                                               ^
C:/Users/ADMIN/AppData/Local/Arm/Packs/Keil/STM32F1xx_DFP/2.4.1/Device/Include\stm32f10x.h(19): warning: invalid UTF-8 in comment [-Winvalid-utf8]
  *                code will be based on direct access to peripheral<92>s registers 
                                                                    ^
C:/Users/ADMIN/AppData/Local/Arm/Packs/Keil/STM32F1xx_DFP/2.4.1/Device/Include\stm32f10x.h(26): warning: invalid UTF-8 in comment [-Winvalid-utf8]
  *           - Macros to access peripheral<92>s registers hardware
                                           ^
mainUART.c(2): warning: In file included from...
C:/Users/ADMIN/AppData/Local/Arm/Packs/Keil/STM32F1xx_DFP/2.4.1/Device/Include\stm32f10x.h(8347): warning: In file included from...
./RTE/Device/STM32F103C8\stm32f10x_conf.h(75): warning: In file included from...
C:/Users/ADMIN/AppData/Local/Arm/Packs/Keil/STM32F1xx_DFP/2.4.1/Device/StdPeriph_Driver/inc\stm32f10x_rcc.h(31): warning: In file included from...
C:/Users/ADMIN/AppData/Local/Arm/Packs/Keil/STM32F1xx_DFP/2.4.1/Device/Include\stm32f10x.h(18): warning: invalid UTF-8 in comment [-Winvalid-utf8]
  *              - To use or not the peripheral<92>s drivers in application code(i.e. 
                                               ^
C:/Users/ADMIN/AppData/Local/Arm/Packs/Keil/STM32F1xx_DFP/2.4.1/Device/Include\stm32f10x.h(19): warning: invalid UTF-8 in comment [-Winvalid-utf8]
  *                code will be based on direct access to peripheral<92>s registers 
                                                                    ^
C:/Users/ADMIN/AppData/Local/Arm/Packs/Keil/STM32F1xx_DFP/2.4.1/Device/Include\stm32f10x.h(26): warning: invalid UTF-8 in comment [-Winvalid-utf8]
  *           - Macros to access peripheral<92>s registers hardware
                                           ^
mainUART.c(2): warning: In file included from...
C:/Users/ADMIN/AppData/Local/Arm/Packs/Keil/STM32F1xx_DFP/2.4.1/Device/Include\stm32f10x.h(8347): warning: In file included from...
./RTE/Device/STM32F103C8\stm32f10x_conf.h(96): warning: In file included from...
C:/Users/ADMIN/AppData/Local/Arm/Packs/Keil/STM32F1xx_DFP/2.4.1/Device/StdPeriph_Driver/inc\misc.h(31): warning: In file included from...
C:/Users/ADMIN/AppData/Local/Arm/Packs/Keil/STM32F1xx_DFP/2.4.1/Device/Include\stm32f10x.h(18): warning: invalid UTF-8 in comment [-Winvalid-utf8]
  *              - To use or not the peripheral<92>s drivers in application code(i.e. 
                                               ^
C:/Users/ADMIN/AppData/Local/Arm/Packs/Keil/STM32F1xx_DFP/2.4.1/Device/Include\stm32f10x.h(19): warning: invalid UTF-8 in comment [-Winvalid-utf8]
  *                code will be based on direct access to peripheral<92>s registers 
                                                                    ^
C:/Users/ADMIN/AppData/Local/Arm/Packs/Keil/STM32F1xx_DFP/2.4.1/Device/Include\stm32f10x.h(26): warning: invalid UTF-8 in comment [-Winvalid-utf8]
  *           - Macros to access peripheral<92>s registers hardware
                                           ^
mainUART.c(4): warning: In file included from...
./PLL.h(3): warning: // comments are not allowed in this language [-Wcomment]
// The #define statement SYSDIV2 initializes
^
mainUART.c(6): warning: // comments are not allowed in this language [-Wcomment]
    // K<ED>ch ho?t clock cho c?ng GPIO Port B
    ^
mainUART.c(6): warning: invalid UTF-8 in comment [-Winvalid-utf8]
    // K<ED>ch ho?t clock cho c?ng GPIO Port B
        ^
mainUART.c(9): warning: invalid UTF-8 in comment [-Winvalid-utf8]
    // C?u h<EC>nh c<E1>c ch<E2>n GPIO PB1, PB2 v<E0> PB3 nhu d?u ra (output)
            ^
mainUART.c(9): warning: invalid UTF-8 in comment [-Winvalid-utf8]
    // C?u h<EC>nh c<E1>c ch<E2>n GPIO PB1, PB2 v<E0> PB3 nhu d?u ra (output)
                    ^
mainUART.c(9): warning: invalid UTF-8 in comment [-Winvalid-utf8]
    // C?u h<EC>nh c<E1>c ch<E2>n GPIO PB1, PB2 v<E0> PB3 nhu d?u ra (output)
                            ^
mainUART.c(9): warning: invalid UTF-8 in comment [-Winvalid-utf8]
    // C?u h<EC>nh c<E1>c ch<E2>n GPIO PB1, PB2 v<E0> PB3 nhu d?u ra (output)
                                                 ^
mainUART.c(13): warning: invalid UTF-8 in comment [-Winvalid-utf8]
    // C?u h<EC>nh Pull-up cho ch<E2>n GPIO PB4
            ^
mainUART.c(13): warning: invalid UTF-8 in comment [-Winvalid-utf8]
    // C?u h<EC>nh Pull-up cho ch<E2>n GPIO PB4
                                 ^
mainUART.c(16): warning: invalid UTF-8 in comment [-Winvalid-utf8]
    // K<ED>ch ho?t ch?c nang digital cho c<E1>c ch<E2>n GPIO PB1, PB2, PB3 v<E0> PB4
        ^
mainUART.c(16): warning: invalid UTF-8 in comment [-Winvalid-utf8]
    // K<ED>ch ho?t ch?c nang digital cho c<E1>c ch<E2>n GPIO PB1, PB2, PB3 v<E0> PB4
                                           ^
mainUART.c(16): warning: invalid UTF-8 in comment [-Winvalid-utf8]
    // K<ED>ch ho?t ch?c nang digital cho c<E1>c ch<E2>n GPIO PB1, PB2, PB3 v<E0> PB4
                                                   ^
mainUART.c(16): warning: invalid UTF-8 in comment [-Winvalid-utf8]
    // K<ED>ch ho?t ch?c nang digital cho c<E1>c ch<E2>n GPIO PB1, PB2, PB3 v<E0> PB4
                                                                             ^
mainUART.c(5): warning: no previous prototype for function 'PortB_Init' [-Wmissing-prototypes]
void PortB_Init(void) {
     ^
mainUART.c(5): note: declare 'static' if the function is not intended to be used outside of this translation unit
void PortB_Init(void) {
^
static 
mainUART.c(21): warning: invalid UTF-8 in comment [-Winvalid-utf8]
    // V<F4> hi?u h<F3>a t?t c? ng?t
        ^
mainUART.c(21): warning: invalid UTF-8 in comment [-Winvalid-utf8]
    // V<F4> hi?u h<F3>a t?t c? ng?t
                   ^
mainUART.c(20): warning: no previous prototype for function 'DisableInterrupts' [-Wmissing-prototypes]
void DisableInterrupts(void) {
     ^
mainUART.c(20): note: declare 'static' if the function is not intended to be used outside of this translation unit
void DisableInterrupts(void) {
^
static 
mainUART.c(26): warning: invalid UTF-8 in comment [-Winvalid-utf8]
    // K<ED>ch ho?t t?t c? ng?t
        ^
mainUART.c(25): warning: no previous prototype for function 'EnableInterrupts' [-Wmissing-prototypes]
void EnableInterrupts(void) {
     ^
mainUART.c(25): note: declare 'static' if the function is not intended to be used outside of this translation unit
void EnableInterrupts(void) {
^
static 
mainUART.c(31): warning: invalid UTF-8 in comment [-Winvalid-utf8]
    // K<ED>ch ho?t clock cho Timer3
        ^
mainUART.c(34): warning: invalid UTF-8 in comment [-Winvalid-utf8]
    // T?t Timer3 tru?c khi c?u h<EC>nh
                                 ^
mainUART.c(37): warning: invalid UTF-8 in comment [-Winvalid-utf8]
    // C?u h<EC>nh chu k? v<E0> chu k? t?i l?i
            ^
mainUART.c(37): warning: invalid UTF-8 in comment [-Winvalid-utf8]
    // C?u h<EC>nh chu k? v<E0> chu k? t?i l?i
                           ^
mainUART.c(41): warning: invalid UTF-8 in comment [-Winvalid-utf8]
    // C?u h<EC>nh uu ti<EA>n ng?t
            ^
mainUART.c(41): warning: invalid UTF-8 in comment [-Winvalid-utf8]
    // C?u h<EC>nh uu ti<EA>n ng?t
                        ^
mainUART.c(39): warning: implicit conversion loses integer precision: 'unsigned int' to 'uint16_t' (aka 'unsigned short') [-Wimplicit-int-conversion]
    TIM3->ARR = period - 1; // Chu k? t?i l?i
              ~ ~~~~~~~^~~
mainUART.c(44): warning: invalid UTF-8 in comment [-Winvalid-utf8]
    // K<ED>ch ho?t ng?t tr<EA>n TIM3
        ^
mainUART.c(44): warning: invalid UTF-8 in comment [-Winvalid-utf8]
    // K<ED>ch ho?t ng?t tr<EA>n TIM3
                           ^
mainUART.c(47): warning: invalid UTF-8 in comment [-Winvalid-utf8]
    // X<F3>a c? c?nh b<E1>o tr<E0>n
        ^
mainUART.c(47): warning: invalid UTF-8 in comment [-Winvalid-utf8]
    // X<F3>a c? c?nh b<E1>o tr<E0>n
                       ^
mainUART.c(47): warning: invalid UTF-8 in comment [-Winvalid-utf8]
    // X<F3>a c? c?nh b<E1>o tr<E0>n
                               ^
mainUART.c(50): warning: invalid UTF-8 in comment [-Winvalid-utf8]
    // K<ED>ch ho?t Timer3
        ^
mainUART.c(30): warning: no previous prototype for function 'Timer3A_Init' [-Wmissing-prototypes]
void Timer3A_Init(uint32_t period, uint32_t priority) {
     ^
mainUART.c(30): note: declare 'static' if the function is not intended to be used outside of this translation unit
void Timer3A_Init(uint32_t period, uint32_t priority) {
^
static 
mainUART.c(54): warning: invalid UTF-8 in comment [-Winvalid-utf8]
    NVIC_DisableIRQ(TIM3_IRQn); // V<F4> hi?u h<F3>a ng?t t? Timer3
                                    ^
mainUART.c(54): warning: invalid UTF-8 in comment [-Winvalid-utf8]
    NVIC_DisableIRQ(TIM3_IRQn); // V<F4> hi?u h<F3>a ng?t t? Timer3
                                               ^
mainUART.c(53): warning: no previous prototype for function 'Timer3A_Stop' [-Wmissing-prototypes]
void Timer3A_Stop(void) {
     ^
mainUART.c(53): note: declare 'static' if the function is not intended to be used outside of this translation unit
void Timer3A_Stop(void) {
^
static 
mainUART.c(60): warning: invalid UTF-8 in comment [-Winvalid-utf8]
        for (j = 0; j < 6000; j++) { // Thay d?i gi<E1> tr? n<E0>y d? di?u ch?nh th?i gian ch?
                                                   ^
mainUART.c(60): warning: invalid UTF-8 in comment [-Winvalid-utf8]
        for (j = 0; j < 6000; j++) { // Thay d?i gi<E1> tr? n<E0>y d? di?u ch?nh th?i gian ch?
                                                             ^
mainUART.c(57): warning: no previous prototype for function 'DelayMilliseconds' [-Wmissing-prototypes]
void DelayMilliseconds(uint32_t milliseconds) {
     ^
mainUART.c(57): note: declare 'static' if the function is not intended to be used outside of this translation unit
void DelayMilliseconds(uint32_t milliseconds) {
^
static 
mainUART.c(66): warning: invalid UTF-8 in comment [-Winvalid-utf8]
    return ((56 * (input)) + 27891) / 128; // C<E1>c h?ng s? du?c s? d?ng t? du?ng cong ph<F9> h?p v?i b?ng d? li?u
                                               ^
mainUART.c(66): warning: invalid UTF-8 in comment [-Winvalid-utf8]
    return ((56 * (input)) + 27891) / 128; // C<E1>c h?ng s? du?c s? d?ng t? du?ng cong ph<F9> h?p v?i b?ng d? li?u
                                                                                          ^
mainUART.c(65): warning: no previous prototype for function 'Convert' [-Wmissing-prototypes]
uint32_t Convert(uint32_t input) {
         ^
mainUART.c(65): note: declare 'static' if the function is not intended to be used outside of this translation unit
uint32_t Convert(uint32_t input) {
^
static 
mainUART.c(85): warning: invalid UTF-8 in comment [-Winvalid-utf8]
        // Vi?t ph?n n<E0>y
                      ^
mainUART.c(86): warning: invalid UTF-8 in comment [-Winvalid-utf8]
        // G?i InChar c?a b?n (FIFO get) v<E0> d?i cho d?n khi c<F3> d? li?u m?i d?n.
                                          ^
mainUART.c(86): warning: invalid UTF-8 in comment [-Winvalid-utf8]
        // G?i InChar c?a b?n (FIFO get) v<E0> d?i cho d?n khi c<F3> d? li?u m?i d?n.
                                                                ^
mainUART.c(89): warning: invalid UTF-8 in comment [-Winvalid-utf8]
            // <D0>?i cho d?n khi th?y byte <91><<92>
               ^
mainUART.c(89): warning: invalid UTF-8 in comment [-Winvalid-utf8]
            // <D0>?i cho d?n khi th?y byte <91><<92>
                                            ^
mainUART.c(89): warning: invalid UTF-8 in comment [-Winvalid-utf8]
            // <D0>?i cho d?n khi th?y byte <91><<92>
                                                 ^
mainUART.c(90): warning: invalid UTF-8 in comment [-Winvalid-utf8]
            // G?i InChar c?a b?n (FIFO get) th<EA>m 5 l?n
                                               ^
mainUART.c(97): warning: cast to smaller integer type 'char' from 'char *' [-Wpointer-to-int-cast]
                                        USART2_OutChar((char)"a");
                                                       ^~~~~~~~~
mainUART.c(103): warning: invalid UTF-8 in comment [-Winvalid-utf8]
        // Nam k<FD> t? ti?p theo sau byte <91><<92> n<EA>n l<E0> bi?u di?n ASCII c?a kho?ng c<E1>ch
                ^
mainUART.c(103): warning: invalid UTF-8 in comment [-Winvalid-utf8]
        // Nam k<FD> t? ti?p theo sau byte <91><<92> n<EA>n l<E0> bi?u di?n ASCII c?a kho?ng c<E1>ch
                                           ^
mainUART.c(103): warning: invalid UTF-8 in comment [-Winvalid-utf8]
        // Nam k<FD> t? ti?p theo sau byte <91><<92> n<EA>n l<E0> bi?u di?n ASCII c?a kho?ng c<E1>ch
                                                ^
mainUART.c(103): warning: invalid UTF-8 in comment [-Winvalid-utf8]
        // Nam k<FD> t? ti?p theo sau byte <91><<92> n<EA>n l<E0> bi?u di?n ASCII c?a kho?ng c<E1>ch
                                                      ^
mainUART.c(103): warning: invalid UTF-8 in comment [-Winvalid-utf8]
        // Nam k<FD> t? ti?p theo sau byte <91><<92> n<EA>n l<E0> bi?u di?n ASCII c?a kho?ng c<E1>ch
                                                             ^
mainUART.c(103): warning: invalid UTF-8 in comment [-Winvalid-utf8]
        // Nam k<FD> t? ti?p theo sau byte <91><<92> n<EA>n l<E0> bi?u di?n ASCII c?a kho?ng c<E1>ch
                                                                                              ^
mainUART.c(104): warning: invalid UTF-8 in comment [-Winvalid-utf8]
        // Xu?t s? c? d?nh (c<F9>ng d?nh d?ng nhu Lab 8) v?i don v? tr<EA>n m<E0>n h<EC>nh LCD.
                             ^
mainUART.c(104): warning: invalid UTF-8 in comment [-Winvalid-utf8]
        // Xu?t s? c? d?nh (c<F9>ng d?nh d?ng nhu Lab 8) v?i don v? tr<EA>n m<E0>n h<EC>nh LCD.
                                                                      ^
mainUART.c(104): warning: invalid UTF-8 in comment [-Winvalid-utf8]
        // Xu?t s? c? d?nh (c<F9>ng d?nh d?ng nhu Lab 8) v?i don v? tr<EA>n m<E0>n h<EC>nh LCD.
                                                                             ^
mainUART.c(104): warning: invalid UTF-8 in comment [-Winvalid-utf8]
        // Xu?t s? c? d?nh (c<F9>ng d?nh d?ng nhu Lab 8) v?i don v? tr<EA>n m<E0>n h<EC>nh LCD.
                                                                                    ^
mainUART.c(106): warning: no newline at end of file [-Wnewline-eof]
}
 ^
mainUART.c(70): warning: unused variable 'delay' [-Wunused-variable]
    int delay;
        ^
74 warnings generated.
compiling mainUART.c...
linking...
Program Size: Code=1784 RO-data=272 RW-data=4 ZI-data=1648  
".\Objects\UART.axf" - 0 Error(s), 74 Warning(s).

<h2>Software Packages used:</h2>

Package Vendor: ARM
                http://www.keil.com/pack/ARM.CMSIS.5.9.0.pack
                ARM.CMSIS.5.9.0
                CMSIS (Common Microcontroller Software Interface Standard)
   * Component: CORE Version: 5.6.0

Package Vendor: Keil
                https://www.keil.com/pack/Keil.STM32F1xx_DFP.2.4.1.pack
                Keil.STM32F1xx_DFP.2.4.1
                STMicroelectronics STM32F1 Series Device Support, Drivers and Examples
   * Component: Startup Version: 1.0.0
   * Component: Framework Version: 3.6.0
   * Component: GPIO Version: 3.6.0
   * Component: RCC Version: 3.6.0

<h2>Collection of Component include folders:</h2>
  ./RTE/Device/STM32F103C8
  ./RTE/_Target_1
  C:/Users/ADMIN/AppData/Local/Arm/Packs/ARM/CMSIS/5.9.0/CMSIS/Core/Include
  C:/Users/ADMIN/AppData/Local/Arm/Packs/Keil/STM32F1xx_DFP/2.4.1/Device/Include
  C:/Users/ADMIN/AppData/Local/Arm/Packs/Keil/STM32F1xx_DFP/2.4.1/Device/StdPeriph_Driver/inc

<h2>Collection of Component Files used:</h2>

   * Component: ARM::CMSIS:CORE:5.6.0

   * Component: Keil::Device:Startup:1.0.0
      Source file:   Device/Source/ARM/STM32F1xx_OPT.s
      Source file:   Device/Source/ARM/startup_stm32f10x_md.s
      Source file:   Device/Source/system_stm32f10x.c
      Include file:  RTE_Driver/Config/RTE_Device.h

   * Component: Keil::Device:StdPeriph Drivers:Framework:3.6.0
      Include file:  Device/StdPeriph_Driver/inc/misc.h
      Source file:   Device/StdPeriph_Driver/src/misc.c
      Source file:   Device/StdPeriph_Driver/templates/stm32f10x_conf.h
      Include file:  Device/StdPeriph_Driver/templates/stm32f10x_it.h
      Source file:   Device/StdPeriph_Driver/templates/stm32f10x_it.c

   * Component: Keil::Device:StdPeriph Drivers:GPIO:3.6.0
      Include file:  Device/StdPeriph_Driver/inc/stm32f10x_gpio.h
      Source file:   Device/StdPeriph_Driver/src/stm32f10x_gpio.c

   * Component: Keil::Device:StdPeriph Drivers:RCC:3.6.0
      Include file:  Device/StdPeriph_Driver/inc/stm32f10x_rcc.h
      Source file:   Device/StdPeriph_Driver/src/stm32f10x_rcc.c
Build Time Elapsed:  00:00:01
</pre>
</body>
</html>
